 Multiwfn -- A Multifunctional Wavefunction Analyzer
 Version 2026.4.10 (release date is the same as version name)
 Developer: Tian Lu (Beijing Kein Research Center for Natural Sciences)
 Multiwfn official website: http://sobereva.com/multiwfn
 Multiwfn English forum: http://sobereva.com/wfnbbs
 Multiwfn Chinese forum: http://bbs.keinsci.com/wfn
 ( Number of parallel threads:   4  Current date: 2026-05-25  Time: 11:36:28 )
 
 Both following papers ***MUST BE CITED IN MAIN TEXT*** if Multiwfn is used:
  Tian Lu, Feiwu Chen, J. Comput. Chem., 33, 580 (2012) DOI: 10.1002/jcc.22885
  Tian Lu, J. Chem. Phys., 161, 082503 (2024) DOI: 10.1063/5.0216272
 See "How to cite Multiwfn.pdf" in Multiwfn binary package for more information
 
 Please wait...
 Loading various information of the wavefunction
 This file is recognized to be generated by ORCA because there is "orca" word in title line. Special treatments are applied...
 Loading basis set definition...
 All D basis functions are spherical harmonic type
 All F basis functions are spherical harmonic type
 Loading orbitals...
 The actual number of orbitals read:      1091
 Converting basis function information to GTF information...
 Back converting basis function information from Cartesian to spherical type...
 Generating density matrix...
 Generating overlap matrix...
 
 Total/Alpha/Beta electrons:    216.0000    108.0000    108.0000
 Net charge:     0.00000      Expected multiplicity:    1
 Atoms:     61,  Basis functions:   1091,  GTFs:   1735
 This is a restricted single-determinant wavefunction
 Orbitals from 1 to   108 are occupied

 Loaded /home/homo_lumo/judge/generated_inps/minEg_row2_A7_H4/minEg_row2_A7_H4.holder.molden.input successfully!
 
 Formula: H32 C23 N2 O4      Total atoms:      61
 Molecule weight:       400.51206 Da
 Point group: C1 
 
 "q": Exit program gracefully          "r": Load a new file
                    ************ Main function menu ************
 0 Show molecular structure and view orbitals
 1 Output all properties at a point       2 Topology analysis
 3 Output and plot specific property in a line
 4 Output and plot specific property in a plane
 5 Output and plot specific property within a spatial region (calc. grid data)
 6 Check & modify wavefunction
 7 Population analysis and calculation of atomic charges
 8 Orbital composition analysis           9 Bond order analysis
 10 Plot total DOS, PDOS, OPDOS, local DOS, COHP and photoelectron spectrum
 11 Plot IR/Raman/UV-Vis/ECD/VCD/ROA/NMR spectrum
 12 Quantitative analysis of molecular surface
 13 Process grid data (No grid data is presented currently)
 14 Adaptive natural density partitioning (AdNDP) analysis
 15 Fuzzy atomic space analysis
 16 Charge decomposition analysis (CDA) and plot orbital interaction diagram
 17 Basin analysis                       18 Electron excitation analysis
 19 Orbital localization analysis        20 Visual study of weak interaction
 21 Energy decomposition analysis        22 Conceptual DFT (CDFT) analysis
 23 ETS-NOCV analysis                    24 (Hyper)polarizability analysis
 25 Electron delocalization and aromaticity analyses
 26 Structure and geometry related analyses
 100 Other functions (Part 1)            200 Other functions (Part 2)
 300 Other functions (Part 3)
 Atom list:
    1(O ) --> Charge:  8.000000  x,y,z(Bohr): -15.475299   0.573369  -1.609640
    2(C ) --> Charge:  6.000000  x,y,z(Bohr): -13.968740  -1.024860  -1.014388
    3(N ) --> Charge:  7.000000  x,y,z(Bohr): -13.764722  -3.392109  -2.124781
    4(C ) --> Charge:  6.000000  x,y,z(Bohr): -11.872162  -4.923837  -1.149516
    5(O ) --> Charge:  8.000000  x,y,z(Bohr): -11.384031  -7.023376  -1.879180
    6(C ) --> Charge:  6.000000  x,y,z(Bohr): -10.569818  -3.445189   0.957309
    7(C ) --> Charge:  6.000000  x,y,z(Bohr):  -7.711044  -3.217755   0.517101
    8(C ) --> Charge:  6.000000  x,y,z(Bohr):  -6.575575  -1.346236   2.420708
    9(C ) --> Charge:  6.000000  x,y,z(Bohr):  -3.832547  -0.718385   1.803356
   10(O ) --> Charge:  8.000000  x,y,z(Bohr):  -2.126654  -2.220802   1.588614
   11(N ) --> Charge:  7.000000  x,y,z(Bohr):  -3.606594   1.881264   1.517798
   12(C ) --> Charge:  6.000000  x,y,z(Bohr):  -1.251112   3.231524   0.888556
   13(C ) --> Charge:  6.000000  x,y,z(Bohr):   0.881294   2.798916   2.857422
   14(C ) --> Charge:  6.000000  x,y,z(Bohr):   3.134057   1.335304   1.785918
   15(C ) --> Charge:  6.000000  x,y,z(Bohr):   4.315792   2.634359  -0.539927
   16(C ) --> Charge:  6.000000  x,y,z(Bohr):   5.990063   0.811053  -2.064604
   17(C ) --> Charge:  6.000000  x,y,z(Bohr):   8.190916  -0.451847  -0.654751
   18(C ) --> Charge:  6.000000  x,y,z(Bohr):  10.153681   1.453161   0.322648
   19(C ) --> Charge:  6.000000  x,y,z(Bohr):  12.369072   0.157000   1.664398
   20(C ) --> Charge:  6.000000  x,y,z(Bohr):  13.628829  -1.830848  -0.018277
   21(C ) --> Charge:  6.000000  x,y,z(Bohr):  11.696910  -3.743116  -1.010387
   22(C ) --> Charge:  6.000000  x,y,z(Bohr):   9.485732  -2.432497  -2.340624
   23(C ) --> Charge:  6.000000  x,y,z(Bohr):   2.236937   3.813573  -2.249772
   24(C ) --> Charge:  6.000000  x,y,z(Bohr):  -0.370208   2.640377  -1.812515
   25(C ) --> Charge:  6.000000  x,y,z(Bohr):  -5.890019   3.155329   1.852247
   26(O ) --> Charge:  8.000000  x,y,z(Bohr):  -6.165133   5.411669   1.668007
   27(C ) --> Charge:  6.000000  x,y,z(Bohr):  -7.939441   1.232130   2.469361
   28(C ) --> Charge:  6.000000  x,y,z(Bohr): -10.173783   1.398894   0.626645
   29(C ) --> Charge:  6.000000  x,y,z(Bohr): -11.946523  -0.860439   1.036195
   30(H ) --> Charge:  1.000000  x,y,z(Bohr): -14.902248  -3.954308  -3.552585
   31(H ) --> Charge:  1.000000  x,y,z(Bohr): -10.883565  -4.497571   2.707772
   32(H ) --> Charge:  1.000000  x,y,z(Bohr):  -6.808474  -5.057795   0.692545
   33(H ) --> Charge:  1.000000  x,y,z(Bohr):  -7.345853  -2.569354  -1.410472
   34(H ) --> Charge:  1.000000  x,y,z(Bohr):  -6.583539  -2.224731   4.291058
   35(H ) --> Charge:  1.000000  x,y,z(Bohr):  -1.819034   5.209939   0.952263
   36(H ) --> Charge:  1.000000  x,y,z(Bohr):   1.520875   4.645619   3.530177
   37(H ) --> Charge:  1.000000  x,y,z(Bohr):   0.125894   1.816689   4.505352
   38(H ) --> Charge:  1.000000  x,y,z(Bohr):   2.511239  -0.569015   1.287379
   39(H ) --> Charge:  1.000000  x,y,z(Bohr):   4.554856   1.114475   3.266859
   40(H ) --> Charge:  1.000000  x,y,z(Bohr):   5.502895   4.186709   0.137280
   41(H ) --> Charge:  1.000000  x,y,z(Bohr):   6.761992   1.835813  -3.692547
   42(H ) --> Charge:  1.000000  x,y,z(Bohr):   4.777687  -0.677687  -2.847589
   43(H ) --> Charge:  1.000000  x,y,z(Bohr):   7.424164  -1.461206   0.986385
   44(H ) --> Charge:  1.000000  x,y,z(Bohr):   9.267795   2.810691   1.603246
   45(H ) --> Charge:  1.000000  x,y,z(Bohr):  10.875560   2.549715  -1.283549
   46(H ) --> Charge:  1.000000  x,y,z(Bohr):  11.677044  -0.754959   3.391600
   47(H ) --> Charge:  1.000000  x,y,z(Bohr):  13.754451   1.568709   2.264388
   48(H ) --> Charge:  1.000000  x,y,z(Bohr):  14.539984  -0.887874  -1.623092
   49(H ) --> Charge:  1.000000  x,y,z(Bohr):  15.129724  -2.801253   1.019753
   50(H ) --> Charge:  1.000000  x,y,z(Bohr):  10.969616  -4.860623   0.575549
   51(H ) --> Charge:  1.000000  x,y,z(Bohr):  12.607703  -5.079134  -2.297783
   52(H ) --> Charge:  1.000000  x,y,z(Bohr):   8.095686  -3.835368  -2.953863
   53(H ) --> Charge:  1.000000  x,y,z(Bohr):  10.176724  -1.501693  -4.060413
   54(H ) --> Charge:  1.000000  x,y,z(Bohr):   2.764048   3.612057  -4.235610
   55(H ) --> Charge:  1.000000  x,y,z(Bohr):   2.107030   5.848538  -1.900014
   56(H ) --> Charge:  1.000000  x,y,z(Bohr):  -0.290879   0.599168  -2.100136
   57(H ) --> Charge:  1.000000  x,y,z(Bohr):  -1.741697   3.398053  -3.157609
   58(H ) --> Charge:  1.000000  x,y,z(Bohr):  -8.621345   1.672319   4.369827
   59(H ) --> Charge:  1.000000  x,y,z(Bohr): -11.191569   3.167042   0.889321
   60(H ) --> Charge:  1.000000  x,y,z(Bohr):  -9.482181   1.406283  -1.320244
   61(H ) --> Charge:  1.000000  x,y,z(Bohr): -12.934450  -0.605875   2.832971
 Note: Orbital   108 is HOMO, energy:   -0.270390 a.u.   -7.357686 eV
       Orbital   109 is LUMO, energy:   -0.041158 a.u.   -1.119977 eV
       HOMO-LUMO gap:    0.229232 a.u.    6.237709 eV    601.847523 kJ/mol
>>>> Can't open X Window display! ( )
