 Multiwfn -- A Multifunctional Wavefunction Analyzer
 Version 2026.4.10 (release date is the same as version name)
 Developer: Tian Lu (Beijing Kein Research Center for Natural Sciences)
 Multiwfn official website: http://sobereva.com/multiwfn
 Multiwfn English forum: http://sobereva.com/wfnbbs
 Multiwfn Chinese forum: http://bbs.keinsci.com/wfn
 ( Number of parallel threads:   4  Current date: 2026-05-25  Time: 11:14:56 )
 
 Both following papers ***MUST BE CITED IN MAIN TEXT*** if Multiwfn is used:
  Tian Lu, Feiwu Chen, J. Comput. Chem., 33, 580 (2012) DOI: 10.1002/jcc.22885
  Tian Lu, J. Chem. Phys., 161, 082503 (2024) DOI: 10.1063/5.0216272
 See "How to cite Multiwfn.pdf" in Multiwfn binary package for more information
 
 Please wait...
 Loading various information of the wavefunction
 This file is recognized to be generated by ORCA because there is "orca" word in title line. Special treatments are applied...
 Loading basis set definition...
 All D basis functions are spherical harmonic type
 All F basis functions are spherical harmonic type
 Loading orbitals...
 The actual number of orbitals read:       976
 Converting basis function information to GTF information...
 Back converting basis function information from Cartesian to spherical type...
 Generating density matrix...
 Generating overlap matrix...
 
 Total/Alpha/Beta electrons:    196.0000     98.0000     98.0000
 Net charge:     0.00000      Expected multiplicity:    1
 Atoms:     46,  Basis functions:    976,  GTFs:   1572
 This is a restricted single-determinant wavefunction
 Orbitals from 1 to    98 are occupied

 Loaded /home/homo_lumo/judge/generated_inps/conjugate_row2_A2_H4/conjugate_row2_A2_H4.holder.molden.input successfully!
 
 Formula: H18 C22 N2 O4      Total atoms:      46
 Molecule weight:       374.39015 Da
 Point group: C1 
 
 "q": Exit program gracefully          "r": Load a new file
                    ************ Main function menu ************
 0 Show molecular structure and view orbitals
 1 Output all properties at a point       2 Topology analysis
 3 Output and plot specific property in a line
 4 Output and plot specific property in a plane
 5 Output and plot specific property within a spatial region (calc. grid data)
 6 Check & modify wavefunction
 7 Population analysis and calculation of atomic charges
 8 Orbital composition analysis           9 Bond order analysis
 10 Plot total DOS, PDOS, OPDOS, local DOS, COHP and photoelectron spectrum
 11 Plot IR/Raman/UV-Vis/ECD/VCD/ROA/NMR spectrum
 12 Quantitative analysis of molecular surface
 13 Process grid data (No grid data is presented currently)
 14 Adaptive natural density partitioning (AdNDP) analysis
 15 Fuzzy atomic space analysis
 16 Charge decomposition analysis (CDA) and plot orbital interaction diagram
 17 Basin analysis                       18 Electron excitation analysis
 19 Orbital localization analysis        20 Visual study of weak interaction
 21 Energy decomposition analysis        22 Conceptual DFT (CDFT) analysis
 23 ETS-NOCV analysis                    24 (Hyper)polarizability analysis
 25 Electron delocalization and aromaticity analyses
 26 Structure and geometry related analyses
 100 Other functions (Part 1)            200 Other functions (Part 2)
 300 Other functions (Part 3)
 Atom list:
    1(O ) --> Charge:  8.000000  x,y,z(Bohr): -10.841692  -5.674359   1.313183
    2(C ) --> Charge:  6.000000  x,y,z(Bohr): -10.557597  -3.516903   0.654942
    3(N ) --> Charge:  7.000000  x,y,z(Bohr): -11.955931  -2.285639  -1.211104
    4(C ) --> Charge:  6.000000  x,y,z(Bohr): -11.096576   0.138002  -1.817223
    5(O ) --> Charge:  8.000000  x,y,z(Bohr): -12.156285   1.603107  -3.193245
    6(C ) --> Charge:  6.000000  x,y,z(Bohr):  -8.566507   0.392074  -0.471809
    7(C ) --> Charge:  6.000000  x,y,z(Bohr):  -7.641083   2.937791   0.458477
    8(C ) --> Charge:  6.000000  x,y,z(Bohr):  -5.164318   2.578801   1.943524
    9(C ) --> Charge:  6.000000  x,y,z(Bohr):  -2.793598   2.530690   0.297972
   10(O ) --> Charge:  8.000000  x,y,z(Bohr):  -2.466793   3.637820  -1.661502
   11(N ) --> Charge:  7.000000  x,y,z(Bohr):  -0.990245   1.026815   1.533483
   12(C ) --> Charge:  6.000000  x,y,z(Bohr):   1.580047   0.793681   0.735318
   13(C ) --> Charge:  6.000000  x,y,z(Bohr):   2.712562  -1.575886   0.603514
   14(C ) --> Charge:  6.000000  x,y,z(Bohr):   5.208449  -1.787529  -0.165327
   15(C ) --> Charge:  6.000000  x,y,z(Bohr):   6.630606   0.340533  -0.828743
   16(C ) --> Charge:  6.000000  x,y,z(Bohr):   9.295730   0.100898  -1.654959
   17(C ) --> Charge:  6.000000  x,y,z(Bohr):  11.116447   1.868742  -0.908209
   18(C ) --> Charge:  6.000000  x,y,z(Bohr):  13.614482   1.643215  -1.681558
   19(C ) --> Charge:  6.000000  x,y,z(Bohr):  14.348219  -0.354503  -3.223320
   20(C ) --> Charge:  6.000000  x,y,z(Bohr):  12.560790  -2.125133  -3.982291
   21(C ) --> Charge:  6.000000  x,y,z(Bohr):  10.063969  -1.900494  -3.205076
   22(C ) --> Charge:  6.000000  x,y,z(Bohr):   5.450282   2.702404  -0.685862
   23(C ) --> Charge:  6.000000  x,y,z(Bohr):   2.958906   2.937936   0.090030
   24(C ) --> Charge:  6.000000  x,y,z(Bohr):  -2.010739  -0.233259   3.637831
   25(O ) --> Charge:  8.000000  x,y,z(Bohr):  -0.836435  -1.524293   5.095308
   26(C ) --> Charge:  6.000000  x,y,z(Bohr):  -4.850979   0.219047   3.646705
   27(C ) --> Charge:  6.000000  x,y,z(Bohr):  -6.184270  -2.224136   2.690576
   28(C ) --> Charge:  6.000000  x,y,z(Bohr):  -8.771533  -1.513371   1.695202
   29(H ) --> Charge:  1.000000  x,y,z(Bohr): -13.475104  -3.079390  -2.053021
   30(H ) --> Charge:  1.000000  x,y,z(Bohr):  -7.191797  -0.349343  -1.842904
   31(H ) --> Charge:  1.000000  x,y,z(Bohr):  -9.064373   3.792035   1.687272
   32(H ) --> Charge:  1.000000  x,y,z(Bohr):  -7.307933   4.243997  -1.099427
   33(H ) --> Charge:  1.000000  x,y,z(Bohr):  -4.901628   4.247702   3.141476
   34(H ) --> Charge:  1.000000  x,y,z(Bohr):   1.665035  -3.244493   1.140104
   35(H ) --> Charge:  1.000000  x,y,z(Bohr):   6.077346  -3.638615  -0.207144
   36(H ) --> Charge:  1.000000  x,y,z(Bohr):  10.580173   3.407645   0.329412
   37(H ) --> Charge:  1.000000  x,y,z(Bohr):  14.994004   3.023862  -1.065277
   38(H ) --> Charge:  1.000000  x,y,z(Bohr):  16.295156  -0.529829  -3.827772
   39(H ) --> Charge:  1.000000  x,y,z(Bohr):  13.107759  -3.679607  -5.196151
   40(H ) --> Charge:  1.000000  x,y,z(Bohr):   8.682342  -3.266682  -3.846798
   41(H ) --> Charge:  1.000000  x,y,z(Bohr):   6.480057   4.383064  -1.231848
   42(H ) --> Charge:  1.000000  x,y,z(Bohr):   2.079522   4.780007   0.153912
   43(H ) --> Charge:  1.000000  x,y,z(Bohr):  -5.459585   0.584447   5.580919
   44(H ) --> Charge:  1.000000  x,y,z(Bohr):  -5.085580  -3.100082   1.173537
   45(H ) --> Charge:  1.000000  x,y,z(Bohr):  -6.278843  -3.590749   4.227066
   46(H ) --> Charge:  1.000000  x,y,z(Bohr):  -9.852454  -0.621048   3.230804
 Note: Orbital    98 is HOMO, energy:   -0.235268 a.u.   -6.401964 eV
       Orbital    99 is LUMO, energy:   -0.051042 a.u.   -1.388933 eV
       HOMO-LUMO gap:    0.184226 a.u.    5.013031 eV    483.684066 kJ/mol
>>>> Can't open X Window display! ( )
